// Jest Snapshot v1, https://goo.gl/fbAQLP

exports[`should rendered Main should render my Main 1`] = `
Array [
  <div
    className="App"
  >
    <Main />
  </div>,
]
`;
